// Jest Snapshot v1, https://goo.gl/fbAQLP

exports[`Using shadown - should render correctly with no props 1`] = `
ShallowWrapper {
  Symbol(enzyme.__root__): [Circular],
  Symbol(enzyme.__unrendered__): <Header />,
  Symbol(enzyme.__renderer__): Object {
    "batchedUpdates": [Function],
    "checkPropTypes": [Function],
    "getNode": [Function],
    "render": [Function],
    "simulateError": [Function],
    "simulateEvent": [Function],
    "unmount": [Function],
  },
  Symbol(enzyme.__node__): Object {
    "instance": null,
    "key": undefined,
    "nodeType": "host",
    "props": Object {
      "children": <header
        className="event-header"
      >
        <img
          alt="Event header logo"
          className="event-logo"
          height="300"
          src="calendar-events-svgrepo-com.svg"
          width="200"
        />
        <h1
          className="event-title"
        >
          Fancy Event Organizer
        </h1>
      </header>,
    },
    "ref": null,
    "rendered": Object {
      "instance": null,
      "key": undefined,
      "nodeType": "host",
      "props": Object {
        "children": Array [
          <img
            alt="Event header logo"
            className="event-logo"
            height="300"
            src="calendar-events-svgrepo-com.svg"
            width="200"
          />,
          <h1
            className="event-title"
          >
            Fancy Event Organizer
          </h1>,
        ],
        "className": "event-header",
      },
      "ref": null,
      "rendered": Array [
        Object {
          "instance": null,
          "key": undefined,
          "nodeType": "host",
          "props": Object {
            "alt": "Event header logo",
            "className": "event-logo",
            "height": "300",
            "src": "calendar-events-svgrepo-com.svg",
            "width": "200",
          },
          "ref": null,
          "rendered": null,
          "type": "img",
        },
        Object {
          "instance": null,
          "key": undefined,
          "nodeType": "host",
          "props": Object {
            "children": "Fancy Event Organizer",
            "className": "event-title",
          },
          "ref": null,
          "rendered": "Fancy Event Organizer",
          "type": "h1",
        },
      ],
      "type": "header",
    },
    "type": "div",
  },
  Symbol(enzyme.__nodes__): Array [
    Object {
      "instance": null,
      "key": undefined,
      "nodeType": "host",
      "props": Object {
        "children": <header
          className="event-header"
        >
          <img
            alt="Event header logo"
            className="event-logo"
            height="300"
            src="calendar-events-svgrepo-com.svg"
            width="200"
          />
          <h1
            className="event-title"
          >
            Fancy Event Organizer
          </h1>
        </header>,
      },
      "ref": null,
      "rendered": Object {
        "instance": null,
        "key": undefined,
        "nodeType": "host",
        "props": Object {
          "children": Array [
            <img
              alt="Event header logo"
              className="event-logo"
              height="300"
              src="calendar-events-svgrepo-com.svg"
              width="200"
            />,
            <h1
              className="event-title"
            >
              Fancy Event Organizer
            </h1>,
          ],
          "className": "event-header",
        },
        "ref": null,
        "rendered": Array [
          Object {
            "instance": null,
            "key": undefined,
            "nodeType": "host",
            "props": Object {
              "alt": "Event header logo",
              "className": "event-logo",
              "height": "300",
              "src": "calendar-events-svgrepo-com.svg",
              "width": "200",
            },
            "ref": null,
            "rendered": null,
            "type": "img",
          },
          Object {
            "instance": null,
            "key": undefined,
            "nodeType": "host",
            "props": Object {
              "children": "Fancy Event Organizer",
              "className": "event-title",
            },
            "ref": null,
            "rendered": "Fancy Event Organizer",
            "type": "h1",
          },
        ],
        "type": "header",
      },
      "type": "div",
    },
  ],
  Symbol(enzyme.__options__): Object {
    "adapter": ReactSixteenAdapter {
      "options": Object {
        "enableComponentDidUpdateOnSetState": true,
        "legacyContextMode": "parent",
        "lifecycles": Object {
          "componentDidUpdate": Object {
            "onSetState": true,
          },
          "getChildContext": Object {
            "calledByRenderer": false,
          },
          "getDerivedStateFromProps": Object {
            "hasShouldComponentUpdateBug": false,
          },
          "getSnapshotBeforeUpdate": true,
          "setState": Object {
            "skipsComponentDidUpdateOnNullish": true,
          },
        },
      },
    },
  },
}
`;
